{
    "gencode = true": {
        "content": [
            [
                "transcriptome.fixed.fa:md5,faf3a64453ae73983bbf2743387fbdf2"
            ],
            [
                "/ngi-igenomes/testdata/nf-core/pipelines/rnaseq/3.15/reference/salmon.tar.gz"
            ],
            [
                "genome_gfp.fasta:md5,e23e302af63736a199985a169fdac055"
            ],
            [
                "genome_gfp.gtf:md5,2593a0843dd97f0b7dfb62cdd2c21ab8"
            ],
            [
                "genome_gfp.fasta.fai:md5,8fa54c6bd2ea6a369efbb8ab4f30156a"
            ],
            [
                "genome_gfp.bed:md5,991993ebef1def1d5823632c21177ec3"
            ],
            [
                "genome_gfp.fasta.sizes:md5,9b755f8f349b14accefb4d859f84de26"
            ],
            [
                
            ],
            [
                
            ],
            [
                
            ],
            [
                
            ],
            [
                
            ],
            [
                
            ],
            [
                "versions.yml:md5,0bc25597acf1d50abf7070d19d311cd7",
                "versions.yml:md5,1cd265cb86a23a27f683ffb2459f37f5",
                "versions.yml:md5,71252f1a221be05593361acccb99506b",
                "versions.yml:md5,80e9dd350be8cd4c11909d75c914757a",
                "versions.yml:md5,961ab91198c4e6ec9d795b95e3f61fda",
                "versions.yml:md5,bc99889446f02427c166b3219b793672"
            ]
        ],
        "meta": {
            "nf-test": "0.8.4",
            "nextflow": "24.04.1"
        },
        "timestamp": "2024-06-20T18:17:05.661629"
    },
    "hisat2_index = false": {
        "content": [
            [
                "/ngi-igenomes/testdata/nf-core/pipelines/rnaseq/3.15/reference/transcriptome.fasta"
            ],
            [
                
            ],
            [
                "genome_gfp.fasta:md5,e23e302af63736a199985a169fdac055"
            ],
            [
                "genome_gfp.gtf:md5,c98b12c302f15731bfc36bcf297cfe28"
            ],
            [
                "genome_gfp.fasta.fai:md5,8fa54c6bd2ea6a369efbb8ab4f30156a"
            ],
            [
                "genome_gfp.bed:md5,991993ebef1def1d5823632c21177ec3"
            ],
            [
                "genome_gfp.fasta.sizes:md5,9b755f8f349b14accefb4d859f84de26"
            ],
            [
                
            ],
            [
                
            ],
            [
                
            ],
            [
                
            ],
            [
                
            ],
            [
                
            ],
            [
                "versions.yml:md5,0bc25597acf1d50abf7070d19d311cd7",
                "versions.yml:md5,1cd265cb86a23a27f683ffb2459f37f5",
                "versions.yml:md5,71252f1a221be05593361acccb99506b",
                "versions.yml:md5,80e9dd350be8cd4c11909d75c914757a",
                "versions.yml:md5,bc99889446f02427c166b3219b793672"
            ]
        ],
        "meta": {
            "nf-test": "0.8.4",
            "nextflow": "24.04.1"
        },
        "timestamp": "2024-06-20T18:16:45.642259"
    },
    "featurecounts_group_type = 'gene_type'": {
        "content": [
            [
                "/ngi-igenomes/testdata/nf-core/pipelines/rnaseq/3.15/reference/transcriptome.fasta"
            ],
            [
                "/ngi-igenomes/testdata/nf-core/pipelines/rnaseq/3.15/reference/salmon.tar.gz"
            ],
            [
                "genome_gfp.fasta:md5,e23e302af63736a199985a169fdac055"
            ],
            [
                "genome_gfp.gtf:md5,2593a0843dd97f0b7dfb62cdd2c21ab8"
            ],
            [
                "genome_gfp.fasta.fai:md5,8fa54c6bd2ea6a369efbb8ab4f30156a"
            ],
            [
                "genome_gfp.bed:md5,991993ebef1def1d5823632c21177ec3"
            ],
            [
                "genome_gfp.fasta.sizes:md5,9b755f8f349b14accefb4d859f84de26"
            ],
            [
                
            ],
            [
                
            ],
            [
                
            ],
            [
                
            ],
            [
                
            ],
            [
                
            ],
            [
                "versions.yml:md5,0bc25597acf1d50abf7070d19d311cd7",
                "versions.yml:md5,1cd265cb86a23a27f683ffb2459f37f5",
                "versions.yml:md5,71252f1a221be05593361acccb99506b",
                "versions.yml:md5,80e9dd350be8cd4c11909d75c914757a",
                "versions.yml:md5,bc99889446f02427c166b3219b793672"
            ]
        ],
        "meta": {
            "nf-test": "0.8.4",
            "nextflow": "24.04.1"
        },
        "timestamp": "2024-06-20T18:17:22.714024"
    },
    "skip_gtf_filter": {
        "content": [
            [
                "/ngi-igenomes/testdata/nf-core/pipelines/rnaseq/3.15/reference/transcriptome.fasta"
            ],
            [
                "/ngi-igenomes/testdata/nf-core/pipelines/rnaseq/3.15/reference/salmon.tar.gz"
            ],
            [
                "genome_gfp.fasta:md5,e23e302af63736a199985a169fdac055"
            ],
            [
                "genome_gfp.gtf:md5,5e63cda3dcafc0d6ad0a738133af9d54"
            ],
            [
                "genome_gfp.fasta.fai:md5,8fa54c6bd2ea6a369efbb8ab4f30156a"
            ],
            [
                "genome_gfp.bed:md5,991993ebef1def1d5823632c21177ec3"
            ],
            [
                "genome_gfp.fasta.sizes:md5,9b755f8f349b14accefb4d859f84de26"
            ],
            [
                
            ],
            [
                
            ],
            [
                
            ],
            [
                
            ],
            [
                
            ],
            [
                
            ],
            [
                "versions.yml:md5,0bc25597acf1d50abf7070d19d311cd7",
                "versions.yml:md5,1cd265cb86a23a27f683ffb2459f37f5",
                "versions.yml:md5,71252f1a221be05593361acccb99506b",
                "versions.yml:md5,bc99889446f02427c166b3219b793672"
            ]
        ],
        "meta": {
            "nf-test": "0.8.4",
            "nextflow": "24.04.1"
        },
        "timestamp": "2024-06-20T18:13:30.196042"
    },
    "gtf = false": {
        "content": [
            [
                "transcriptome.fixed.fa:md5,faf3a64453ae73983bbf2743387fbdf2"
            ],
            [
                "/ngi-igenomes/testdata/nf-core/pipelines/rnaseq/3.15/reference/salmon.tar.gz"
            ],
            [
                "genome_gfp.fasta:md5,e23e302af63736a199985a169fdac055"
            ],
            [
                "genome_gfp.gtf:md5,68b68c059ba170af3f9d0a5dc1e0c8b8"
            ],
            [
                "genome_gfp.fasta.fai:md5,8fa54c6bd2ea6a369efbb8ab4f30156a"
            ],
            [
                "genome_gfp.bed:md5,991993ebef1def1d5823632c21177ec3"
            ],
            [
                "genome_gfp.fasta.sizes:md5,9b755f8f349b14accefb4d859f84de26"
            ],
            [
                
            ],
            [
                
            ],
            [
                
            ],
            [
                
            ],
            [
                
            ],
            [
                
            ],
            [
                "versions.yml:md5,0bc25597acf1d50abf7070d19d311cd7",
                "versions.yml:md5,1cd265cb86a23a27f683ffb2459f37f5",
                "versions.yml:md5,2a3ed31ad34b8864fb9278dcdef596ec",
                "versions.yml:md5,71252f1a221be05593361acccb99506b",
                "versions.yml:md5,80e9dd350be8cd4c11909d75c914757a",
                "versions.yml:md5,961ab91198c4e6ec9d795b95e3f61fda",
                "versions.yml:md5,bc99889446f02427c166b3219b793672"
            ]
        ],
        "meta": {
            "nf-test": "0.8.4",
            "nextflow": "24.04.1"
        },
        "timestamp": "2024-06-20T18:14:42.913968"
    },
    "gfp = false": {
        "content": [
            [
                "/ngi-igenomes/testdata/nf-core/pipelines/rnaseq/3.15/reference/transcriptome.fasta"
            ],
            [
                "/ngi-igenomes/testdata/nf-core/pipelines/rnaseq/3.15/reference/salmon.tar.gz"
            ],
            [
                "/ngi-igenomes/testdata/nf-core/pipelines/rnaseq/3.15/reference/genome.fasta"
            ],
            [
                "genome.filtered.gtf:md5,ef6fccd153a21c329670462d602ed2d0"
            ],
            [
                "genome.fasta.fai:md5,2cd76d936cbfa386b14154506c2041b2"
            ],
            [
                "genome.filtered.bed:md5,e507dc33673e76c32abe344f4dc07952"
            ],
            [
                "genome.fasta.sizes:md5,29218009212157c49dbc6596621ec780"
            ],
            [
                
            ],
            [
                
            ],
            [
                
            ],
            [
                
            ],
            [
                
            ],
            [
                
            ],
            [
                "versions.yml:md5,0bc25597acf1d50abf7070d19d311cd7",
                "versions.yml:md5,71252f1a221be05593361acccb99506b",
                "versions.yml:md5,80e9dd350be8cd4c11909d75c914757a",
                "versions.yml:md5,bc99889446f02427c166b3219b793672"
            ]
        ],
        "meta": {
            "nf-test": "0.8.4",
            "nextflow": "24.04.1"
        },
        "timestamp": "2024-06-20T18:15:16.551347"
    },
    "skip_bbsplit": {
        "content": [
            [
                "/ngi-igenomes/testdata/nf-core/pipelines/rnaseq/3.15/reference/transcriptome.fasta"
            ],
            [
                "/ngi-igenomes/testdata/nf-core/pipelines/rnaseq/3.15/reference/salmon.tar.gz"
            ],
            [
                "genome_gfp.fasta:md5,e23e302af63736a199985a169fdac055"
            ],
            [
                "genome_gfp.gtf:md5,c98b12c302f15731bfc36bcf297cfe28"
            ],
            [
                "genome_gfp.fasta.fai:md5,8fa54c6bd2ea6a369efbb8ab4f30156a"
            ],
            [
                "genome_gfp.bed:md5,991993ebef1def1d5823632c21177ec3"
            ],
            [
                "genome_gfp.fasta.sizes:md5,9b755f8f349b14accefb4d859f84de26"
            ],
            [
                
            ],
            [
                
            ],
            [
                
            ],
            [
                
            ],
            [
                
            ],
            [
                
            ],
            [
                "versions.yml:md5,1cd265cb86a23a27f683ffb2459f37f5",
                "versions.yml:md5,71252f1a221be05593361acccb99506b",
                "versions.yml:md5,80e9dd350be8cd4c11909d75c914757a",
                "versions.yml:md5,bc99889446f02427c166b3219b793672"
            ]
        ],
        "meta": {
            "nf-test": "0.8.4",
            "nextflow": "24.04.1"
        },
        "timestamp": "2024-06-20T18:13:46.28042"
    },
    "skip_bbsplit = true": {
        "content": [
            [
                "/ngi-igenomes/testdata/nf-core/pipelines/rnaseq/3.15/reference/transcriptome.fasta"
            ],
            [
                "/ngi-igenomes/testdata/nf-core/pipelines/rnaseq/3.15/reference/salmon.tar.gz"
            ],
            [
                "genome_gfp.fasta:md5,e23e302af63736a199985a169fdac055"
            ],
            [
                "genome_gfp.gtf:md5,c98b12c302f15731bfc36bcf297cfe28"
            ],
            [
                "genome_gfp.fasta.fai:md5,8fa54c6bd2ea6a369efbb8ab4f30156a"
            ],
            [
                "genome_gfp.bed:md5,991993ebef1def1d5823632c21177ec3"
            ],
            [
                "genome_gfp.fasta.sizes:md5,9b755f8f349b14accefb4d859f84de26"
            ],
            [
                
            ],
            [
                
            ],
            [
                
            ],
            [
                
            ],
            [
                
            ],
            [
                
            ],
            [
                "versions.yml:md5,1cd265cb86a23a27f683ffb2459f37f5",
                "versions.yml:md5,71252f1a221be05593361acccb99506b",
                "versions.yml:md5,80e9dd350be8cd4c11909d75c914757a",
                "versions.yml:md5,bc99889446f02427c166b3219b793672"
            ]
        ],
        "meta": {
            "nf-test": "0.8.4",
            "nextflow": "24.04.1"
        },
        "timestamp": "2024-06-20T18:17:57.14732"
    },
    "with bed": {
        "content": [
            [
                "/ngi-igenomes/testdata/nf-core/pipelines/rnaseq/3.15/reference/transcriptome.fasta"
            ],
            [
                "/ngi-igenomes/testdata/nf-core/pipelines/rnaseq/3.15/reference/salmon.tar.gz"
            ],
            [
                "genome_gfp.fasta:md5,e23e302af63736a199985a169fdac055"
            ],
            [
                "genome_gfp.gtf:md5,c98b12c302f15731bfc36bcf297cfe28"
            ],
            [
                "genome_gfp.fasta.fai:md5,8fa54c6bd2ea6a369efbb8ab4f30156a"
            ],
            [
                "/ngi-igenomes/testdata/nf-core/pipelines/rnaseq/3.15/reference/ngscheckmate.bed"
            ],
            [
                "genome_gfp.fasta.sizes:md5,9b755f8f349b14accefb4d859f84de26"
            ],
            [
                
            ],
            [
                
            ],
            [
                
            ],
            [
                
            ],
            [
                
            ],
            [
                
            ],
            [
                "versions.yml:md5,0bc25597acf1d50abf7070d19d311cd7",
                "versions.yml:md5,1cd265cb86a23a27f683ffb2459f37f5",
                "versions.yml:md5,80e9dd350be8cd4c11909d75c914757a",
                "versions.yml:md5,bc99889446f02427c166b3219b793672"
            ]
        ],
        "meta": {
            "nf-test": "0.8.4",
            "nextflow": "24.04.1"
        },
        "timestamp": "2024-06-20T18:15:52.284517"
    },
    "skip_alignment": {
        "content": [
            [
                "/ngi-igenomes/testdata/nf-core/pipelines/rnaseq/3.15/reference/transcriptome.fasta"
            ],
            [
                "/ngi-igenomes/testdata/nf-core/pipelines/rnaseq/3.15/reference/salmon.tar.gz"
            ],
            [
                "genome_gfp.fasta:md5,e23e302af63736a199985a169fdac055"
            ],
            [
                "genome_gfp.gtf:md5,c98b12c302f15731bfc36bcf297cfe28"
            ],
            [
                "genome_gfp.fasta.fai:md5,8fa54c6bd2ea6a369efbb8ab4f30156a"
            ],
            [
                "genome_gfp.bed:md5,991993ebef1def1d5823632c21177ec3"
            ],
            [
                "genome_gfp.fasta.sizes:md5,9b755f8f349b14accefb4d859f84de26"
            ],
            [
                
            ],
            [
                
            ],
            [
                
            ],
            [
                
            ],
            [
                
            ],
            [
                
            ],
            [
                "versions.yml:md5,0bc25597acf1d50abf7070d19d311cd7",
                "versions.yml:md5,1cd265cb86a23a27f683ffb2459f37f5",
                "versions.yml:md5,71252f1a221be05593361acccb99506b",
                "versions.yml:md5,80e9dd350be8cd4c11909d75c914757a",
                "versions.yml:md5,bc99889446f02427c166b3219b793672"
            ]
        ],
        "meta": {
            "nf-test": "0.8.4",
            "nextflow": "24.04.1"
        },
        "timestamp": "2024-06-20T18:14:04.612027"
    },
    "gencode = false": {
        "content": [
            [
                "/ngi-igenomes/testdata/nf-core/pipelines/rnaseq/3.15/reference/transcriptome.fasta"
            ],
            [
                "/ngi-igenomes/testdata/nf-core/pipelines/rnaseq/3.15/reference/salmon.tar.gz"
            ],
            [
                "genome_gfp.fasta:md5,e23e302af63736a199985a169fdac055"
            ],
            [
                "genome_gfp.gtf:md5,c98b12c302f15731bfc36bcf297cfe28"
            ],
            [
                "genome_gfp.fasta.fai:md5,8fa54c6bd2ea6a369efbb8ab4f30156a"
            ],
            [
                "genome_gfp.bed:md5,991993ebef1def1d5823632c21177ec3"
            ],
            [
                "genome_gfp.fasta.sizes:md5,9b755f8f349b14accefb4d859f84de26"
            ],
            [
                
            ],
            [
                
            ],
            [
                
            ],
            [
                
            ],
            [
                
            ],
            [
                
            ],
            [
                "versions.yml:md5,0bc25597acf1d50abf7070d19d311cd7",
                "versions.yml:md5,1cd265cb86a23a27f683ffb2459f37f5",
                "versions.yml:md5,71252f1a221be05593361acccb99506b",
                "versions.yml:md5,80e9dd350be8cd4c11909d75c914757a",
                "versions.yml:md5,bc99889446f02427c166b3219b793672"
            ]
        ],
        "meta": {
            "nf-test": "0.8.4",
            "nextflow": "24.04.1"
        },
        "timestamp": "2024-06-20T18:13:13.483047"
    },
    "gff = false": {
        "content": [
            [
                "/ngi-igenomes/testdata/nf-core/pipelines/rnaseq/3.15/reference/transcriptome.fasta"
            ],
            [
                "/ngi-igenomes/testdata/nf-core/pipelines/rnaseq/3.15/reference/salmon.tar.gz"
            ],
            [
                "genome_gfp.fasta:md5,e23e302af63736a199985a169fdac055"
            ],
            [
                "genome_gfp.gtf:md5,c98b12c302f15731bfc36bcf297cfe28"
            ],
            [
                "genome_gfp.fasta.fai:md5,8fa54c6bd2ea6a369efbb8ab4f30156a"
            ],
            [
                "genome_gfp.bed:md5,991993ebef1def1d5823632c21177ec3"
            ],
            [
                "genome_gfp.fasta.sizes:md5,9b755f8f349b14accefb4d859f84de26"
            ],
            [
                
            ],
            [
                
            ],
            [
                
            ],
            [
                
            ],
            [
                
            ],
            [
                
            ],
            [
                "versions.yml:md5,0bc25597acf1d50abf7070d19d311cd7",
                "versions.yml:md5,1cd265cb86a23a27f683ffb2459f37f5",
                "versions.yml:md5,71252f1a221be05593361acccb99506b",
                "versions.yml:md5,80e9dd350be8cd4c11909d75c914757a",
                "versions.yml:md5,bc99889446f02427c166b3219b793672"
            ]
        ],
        "meta": {
            "nf-test": "0.8.4",
            "nextflow": "24.04.1"
        },
        "timestamp": "2024-06-20T18:15:00.759762"
    },
    "default options": {
        "content": [
            [
                "/ngi-igenomes/testdata/nf-core/pipelines/rnaseq/3.15/reference/transcriptome.fasta"
            ],
            [
                "/ngi-igenomes/testdata/nf-core/pipelines/rnaseq/3.15/reference/salmon.tar.gz"
            ],
            [
                "genome_gfp.fasta:md5,e23e302af63736a199985a169fdac055"
            ],
            [
                "genome_gfp.gtf:md5,c98b12c302f15731bfc36bcf297cfe28"
            ],
            [
                "genome_gfp.fasta.fai:md5,8fa54c6bd2ea6a369efbb8ab4f30156a"
            ],
            [
                "genome_gfp.bed:md5,991993ebef1def1d5823632c21177ec3"
            ],
            [
                "genome_gfp.fasta.sizes:md5,9b755f8f349b14accefb4d859f84de26"
            ],
            [
                
            ],
            [
                
            ],
            [
                
            ],
            [
                
            ],
            [
                
            ],
            [
                
            ],
            [
                "versions.yml:md5,0bc25597acf1d50abf7070d19d311cd7",
                "versions.yml:md5,1cd265cb86a23a27f683ffb2459f37f5",
                "versions.yml:md5,71252f1a221be05593361acccb99506b",
                "versions.yml:md5,80e9dd350be8cd4c11909d75c914757a",
                "versions.yml:md5,bc99889446f02427c166b3219b793672"
            ]
        ],
        "meta": {
            "nf-test": "0.8.4",
            "nextflow": "24.04.1"
        },
        "timestamp": "2024-06-20T18:12:54.779065"
    },
    "salmon_index = false": {
        "content": [
            [
                "/ngi-igenomes/testdata/nf-core/pipelines/rnaseq/3.15/reference/transcriptome.fasta"
            ],
            [
                
            ],
            [
                "genome_gfp.fasta:md5,e23e302af63736a199985a169fdac055"
            ],
            [
                "genome_gfp.gtf:md5,c98b12c302f15731bfc36bcf297cfe28"
            ],
            [
                "genome_gfp.fasta.fai:md5,8fa54c6bd2ea6a369efbb8ab4f30156a"
            ],
            [
                "genome_gfp.bed:md5,991993ebef1def1d5823632c21177ec3"
            ],
            [
                "genome_gfp.fasta.sizes:md5,9b755f8f349b14accefb4d859f84de26"
            ],
            [
                
            ],
            [
                
            ],
            [
                
            ],
            [
                
            ],
            [
                
            ],
            [
                
            ],
            [
                "versions.yml:md5,0bc25597acf1d50abf7070d19d311cd7",
                "versions.yml:md5,1cd265cb86a23a27f683ffb2459f37f5",
                "versions.yml:md5,71252f1a221be05593361acccb99506b",
                "versions.yml:md5,80e9dd350be8cd4c11909d75c914757a",
                "versions.yml:md5,bc99889446f02427c166b3219b793672"
            ]
        ],
        "meta": {
            "nf-test": "0.8.4",
            "nextflow": "24.04.1"
        },
        "timestamp": "2024-06-20T18:16:27.229869"
    },
    "rsem_index = false": {
        "content": [
            [
                "/ngi-igenomes/testdata/nf-core/pipelines/rnaseq/3.15/reference/transcriptome.fasta"
            ],
            [
                "/ngi-igenomes/testdata/nf-core/pipelines/rnaseq/3.15/reference/salmon.tar.gz"
            ],
            [
                "genome_gfp.fasta:md5,e23e302af63736a199985a169fdac055"
            ],
            [
                "genome_gfp.gtf:md5,c98b12c302f15731bfc36bcf297cfe28"
            ],
            [
                "genome_gfp.fasta.fai:md5,8fa54c6bd2ea6a369efbb8ab4f30156a"
            ],
            [
                "genome_gfp.bed:md5,991993ebef1def1d5823632c21177ec3"
            ],
            [
                "genome_gfp.fasta.sizes:md5,9b755f8f349b14accefb4d859f84de26"
            ],
            [
                
            ],
            [
                
            ],
            [
                
            ],
            [
                
            ],
            [
                
            ],
            [
                
            ],
            [
                "versions.yml:md5,0bc25597acf1d50abf7070d19d311cd7",
                "versions.yml:md5,1cd265cb86a23a27f683ffb2459f37f5",
                "versions.yml:md5,71252f1a221be05593361acccb99506b",
                "versions.yml:md5,80e9dd350be8cd4c11909d75c914757a",
                "versions.yml:md5,bc99889446f02427c166b3219b793672"
            ]
        ],
        "meta": {
            "nf-test": "0.8.4",
            "nextflow": "24.04.1"
        },
        "timestamp": "2024-06-20T18:16:09.968836"
    },
    "skip_psuedo_alignment": {
        "content": [
            [
                "/ngi-igenomes/testdata/nf-core/pipelines/rnaseq/3.15/reference/transcriptome.fasta"
            ],
            [
                "/ngi-igenomes/testdata/nf-core/pipelines/rnaseq/3.15/reference/salmon.tar.gz"
            ],
            [
                "genome_gfp.fasta:md5,e23e302af63736a199985a169fdac055"
            ],
            [
                "genome_gfp.gtf:md5,c98b12c302f15731bfc36bcf297cfe28"
            ],
            [
                "genome_gfp.fasta.fai:md5,8fa54c6bd2ea6a369efbb8ab4f30156a"
            ],
            [
                "genome_gfp.bed:md5,991993ebef1def1d5823632c21177ec3"
            ],
            [
                "genome_gfp.fasta.sizes:md5,9b755f8f349b14accefb4d859f84de26"
            ],
            [
                
            ],
            [
                
            ],
            [
                
            ],
            [
                
            ],
            [
                
            ],
            [
                
            ],
            [
                "versions.yml:md5,0bc25597acf1d50abf7070d19d311cd7",
                "versions.yml:md5,1cd265cb86a23a27f683ffb2459f37f5",
                "versions.yml:md5,71252f1a221be05593361acccb99506b",
                "versions.yml:md5,80e9dd350be8cd4c11909d75c914757a",
                "versions.yml:md5,bc99889446f02427c166b3219b793672"
            ]
        ],
        "meta": {
            "nf-test": "0.8.4",
            "nextflow": "24.04.1"
        },
        "timestamp": "2024-06-20T18:14:22.598093"
    },
    "transcriptome = false": {
        "content": [
            [
                "genome.transcripts.fa:md5,b89a3e02ad30ba3fd600f98c8e2f58d4"
            ],
            [
                "/ngi-igenomes/testdata/nf-core/pipelines/rnaseq/3.15/reference/salmon.tar.gz"
            ],
            [
                "genome_gfp.fasta:md5,e23e302af63736a199985a169fdac055"
            ],
            [
                "genome_gfp.gtf:md5,c98b12c302f15731bfc36bcf297cfe28"
            ],
            [
                "genome_gfp.fasta.fai:md5,8fa54c6bd2ea6a369efbb8ab4f30156a"
            ],
            [
                "genome_gfp.bed:md5,991993ebef1def1d5823632c21177ec3"
            ],
            [
                "genome_gfp.fasta.sizes:md5,9b755f8f349b14accefb4d859f84de26"
            ],
            [
                
            ],
            [
                
            ],
            [
                
            ],
            [
                
            ],
            [
                
            ],
            [
                
            ],
            [
                "versions.yml:md5,0bc25597acf1d50abf7070d19d311cd7",
                "versions.yml:md5,1cd265cb86a23a27f683ffb2459f37f5",
                "versions.yml:md5,71252f1a221be05593361acccb99506b",
                "versions.yml:md5,80e9dd350be8cd4c11909d75c914757a",
                "versions.yml:md5,918fe0b59c0986eb602ace85841c5ab3",
                "versions.yml:md5,bc99889446f02427c166b3219b793672"
            ]
        ],
        "meta": {
            "nf-test": "0.8.4",
            "nextflow": "24.04.1"
        },
        "timestamp": "2024-06-20T18:15:34.269049"
    },
    "skip_pseudoalignment = true": {
        "content": [
            [
                "/ngi-igenomes/testdata/nf-core/pipelines/rnaseq/3.15/reference/transcriptome.fasta"
            ],
            [
                "/ngi-igenomes/testdata/nf-core/pipelines/rnaseq/3.15/reference/salmon.tar.gz"
            ],
            [
                "genome_gfp.fasta:md5,e23e302af63736a199985a169fdac055"
            ],
            [
                "genome_gfp.gtf:md5,c98b12c302f15731bfc36bcf297cfe28"
            ],
            [
                "genome_gfp.fasta.fai:md5,8fa54c6bd2ea6a369efbb8ab4f30156a"
            ],
            [
                "genome_gfp.bed:md5,991993ebef1def1d5823632c21177ec3"
            ],
            [
                "genome_gfp.fasta.sizes:md5,9b755f8f349b14accefb4d859f84de26"
            ],
            [
                
            ],
            [
                
            ],
            [
                
            ],
            [
                
            ],
            [
                
            ],
            [
                
            ],
            [
                "versions.yml:md5,0bc25597acf1d50abf7070d19d311cd7",
                "versions.yml:md5,1cd265cb86a23a27f683ffb2459f37f5",
                "versions.yml:md5,71252f1a221be05593361acccb99506b",
                "versions.yml:md5,80e9dd350be8cd4c11909d75c914757a",
                "versions.yml:md5,bc99889446f02427c166b3219b793672"
            ]
        ],
        "meta": {
            "nf-test": "0.8.4",
            "nextflow": "24.04.1"
        },
        "timestamp": "2024-06-20T18:18:35.783312"
    },
    "skip_alignment = true": {
        "content": [
            [
                "/ngi-igenomes/testdata/nf-core/pipelines/rnaseq/3.15/reference/transcriptome.fasta"
            ],
            [
                "/ngi-igenomes/testdata/nf-core/pipelines/rnaseq/3.15/reference/salmon.tar.gz"
            ],
            [
                "genome_gfp.fasta:md5,e23e302af63736a199985a169fdac055"
            ],
            [
                "genome_gfp.gtf:md5,c98b12c302f15731bfc36bcf297cfe28"
            ],
            [
                "genome_gfp.fasta.fai:md5,8fa54c6bd2ea6a369efbb8ab4f30156a"
            ],
            [
                "genome_gfp.bed:md5,991993ebef1def1d5823632c21177ec3"
            ],
            [
                "genome_gfp.fasta.sizes:md5,9b755f8f349b14accefb4d859f84de26"
            ],
            [
                
            ],
            [
                
            ],
            [
                
            ],
            [
                
            ],
            [
                
            ],
            [
                
            ],
            [
                "versions.yml:md5,0bc25597acf1d50abf7070d19d311cd7",
                "versions.yml:md5,1cd265cb86a23a27f683ffb2459f37f5",
                "versions.yml:md5,71252f1a221be05593361acccb99506b",
                "versions.yml:md5,80e9dd350be8cd4c11909d75c914757a",
                "versions.yml:md5,bc99889446f02427c166b3219b793672"
            ]
        ],
        "meta": {
            "nf-test": "0.8.4",
            "nextflow": "24.04.1"
        },
        "timestamp": "2024-06-20T18:18:16.883006"
    },
    "skip_gtf_filter = true": {
        "content": [
            [
                "/ngi-igenomes/testdata/nf-core/pipelines/rnaseq/3.15/reference/transcriptome.fasta"
            ],
            [
                "/ngi-igenomes/testdata/nf-core/pipelines/rnaseq/3.15/reference/salmon.tar.gz"
            ],
            [
                "genome_gfp.fasta:md5,e23e302af63736a199985a169fdac055"
            ],
            [
                "genome_gfp.gtf:md5,5e63cda3dcafc0d6ad0a738133af9d54"
            ],
            [
                "genome_gfp.fasta.fai:md5,8fa54c6bd2ea6a369efbb8ab4f30156a"
            ],
            [
                "genome_gfp.bed:md5,991993ebef1def1d5823632c21177ec3"
            ],
            [
                "genome_gfp.fasta.sizes:md5,9b755f8f349b14accefb4d859f84de26"
            ],
            [
                
            ],
            [
                
            ],
            [
                
            ],
            [
                
            ],
            [
                
            ],
            [
                
            ],
            [
                "versions.yml:md5,0bc25597acf1d50abf7070d19d311cd7",
                "versions.yml:md5,1cd265cb86a23a27f683ffb2459f37f5",
                "versions.yml:md5,71252f1a221be05593361acccb99506b",
                "versions.yml:md5,bc99889446f02427c166b3219b793672"
            ]
        ],
        "meta": {
            "nf-test": "0.8.4",
            "nextflow": "24.04.1"
        },
        "timestamp": "2024-06-20T18:17:39.358651"
    }
}